
> flowrk-in@0.0.0 build
> vite build

[36mvite v7.3.0 [32mbuilding client environment for production...[36m[39m
transforming...
[32mΓ£ô[39m 1102 modules transformed.
Γ£ù Build failed in 3.83s
error during build:
[vite:load-fallback] Could not load E:\Web Development_Kit\flowrk\src/components/SEO (imported by src/Pages/Home.jsx): ENOENT: no such file or directory, open 'E:\Web Development_Kit\flowrk\src\components\SEO'
    at async open (node:internal/fs/promises:641:25)
    at async Object.readFile (node:internal/fs/promises:1245:14)
    at async Object.handler (file:///E:/Web%20Development_Kit/flowrk/node_modules/vite/dist/node/chunks/config.js:33168:21)
    at async PluginDriver.hookFirstAndGetPlugin (file:///E:/Web%20Development_Kit/flowrk/node_modules/rollup/dist/es/shared/node-entry.js:22376:28)
    at async file:///E:/Web%20Development_Kit/flowrk/node_modules/rollup/dist/es/shared/node-entry.js:21376:33
    at async Queue.work (file:///E:/Web%20Development_Kit/flowrk/node_modules/rollup/dist/es/shared/node-entry.js:22604:32)
